  alu.cpp
  Unknown compiler version - please run the configure tests and report the results
  cacheL2.cpp
  Unknown compiler version - please run the configure tests and report the results
C:\Users\pelay\UDC\TFG\ProyectoSystemC2022\Codigo SystemC\coreRiscV.h(14,1): warning C4099: 'coreRiscV': nombre de tipo visto anteriormente usando 'class' ahora se ve usando 'struct'
  (compilando archivo de origen "Codigo%20SystemC/cacheL2.cpp")
      C:\Users\pelay\UDC\TFG\ProyectoSystemC2022\Codigo SystemC\coreRiscV.h(14,1):
      vea la declaración de 'coreRiscV'
  
C:\Users\pelay\UDC\TFG\ProyectoSystemC2022\Codigo SystemC\cacheL2.cpp(30,29): warning C4244: 'argumento': conversión de 'sc_dt::uint_type' a 'const unsigned int'; posible pérdida de datos
C:\Users\pelay\UDC\TFG\ProyectoSystemC2022\Codigo SystemC\cacheL2.cpp(53,51): warning C4244: 'argumento': conversión de 'sc_dt::int_type' a 'int'; posible pérdida de datos
C:\Users\pelay\UDC\TFG\ProyectoSystemC2022\Codigo SystemC\cacheL2.cpp(53,42): warning C4244: 'argumento': conversión de 'sc_dt::uint_type' a 'int'; posible pérdida de datos
C:\Users\pelay\UDC\TFG\ProyectoSystemC2022\Codigo SystemC\cacheL2.cpp(113,37): warning C4244: 'argumento': conversión de 'sc_dt::uint_type' a 'const unsigned int'; posible pérdida de datos
C:\Users\pelay\UDC\TFG\ProyectoSystemC2022\Codigo SystemC\cacheL2.cpp(140,59): warning C4244: 'argumento': conversión de 'sc_dt::uint_type' a 'int'; posible pérdida de datos
C:\Users\pelay\UDC\TFG\ProyectoSystemC2022\Codigo SystemC\cacheL2.cpp(140,85): warning C4244: 'argumento': conversión de 'sc_dt::uint_type' a 'int'; posible pérdida de datos
C:\Users\pelay\UDC\TFG\ProyectoSystemC2022\Codigo SystemC\cacheL2.cpp(183,32): warning C4244: 'inicializando': conversión de 'sc_dt::uint_type' a 'unsigned int'; posible pérdida de datos
C:\Users\pelay\UDC\TFG\ProyectoSystemC2022\Codigo SystemC\cacheL2.cpp(185,37): warning C4244: 'argumento': conversión de 'sc_dt::uint_type' a 'const unsigned int'; posible pérdida de datos
C:\Users\pelay\UDC\TFG\ProyectoSystemC2022\Codigo SystemC\cacheL2.cpp(217,63): warning C4244: 'argumento': conversión de 'sc_dt::uint_type' a 'int'; posible pérdida de datos
C:\Users\pelay\UDC\TFG\ProyectoSystemC2022\Codigo SystemC\cacheL2.cpp(217,89): warning C4244: 'argumento': conversión de 'sc_dt::uint_type' a 'int'; posible pérdida de datos
C:\Users\pelay\UDC\TFG\ProyectoSystemC2022\Codigo SystemC\cacheL2.cpp(222,37): warning C4244: 'argumento': conversión de 'sc_dt::uint_type' a 'const unsigned int'; posible pérdida de datos
C:\Users\pelay\UDC\TFG\ProyectoSystemC2022\Codigo SystemC\cacheL2.cpp(237,45): warning C4244: 'argumento': conversión de 'sc_dt::uint_type' a 'int'; posible pérdida de datos
C:\Users\pelay\UDC\TFG\ProyectoSystemC2022\Codigo SystemC\cacheL2.cpp(237,99): warning C4244: 'argumento': conversión de 'sc_dt::int_type' a 'int'; posible pérdida de datos
C:\Users\pelay\UDC\TFG\ProyectoSystemC2022\Codigo SystemC\cacheL2.cpp(237,71): warning C4244: 'argumento': conversión de 'sc_dt::uint_type' a 'int'; posible pérdida de datos
  coreRiscV.cpp
  Unknown compiler version - please run the configure tests and report the results
C:\Users\pelay\UDC\TFG\ProyectoSystemC2022\Codigo SystemC\coreRiscV.h(14,1): warning C4099: 'coreRiscV': nombre de tipo visto anteriormente usando 'class' ahora se ve usando 'struct'
  (compilando archivo de origen "Codigo%20SystemC/coreRiscV.cpp")
      C:\Users\pelay\UDC\TFG\ProyectoSystemC2022\Codigo SystemC\coreRiscV.h(14,1):
      vea la declaración de 'coreRiscV'
  
C:\Users\pelay\UDC\TFG\ProyectoSystemC2022\Codigo SystemC\coreRiscV.cpp(52,14): warning C4018: '<': no coinciden signed/unsigned
C:\Users\pelay\UDC\TFG\ProyectoSystemC2022\Codigo SystemC\coreRiscV.cpp(9,16): warning C4101: 'B': variable local sin referencia
C:\Users\pelay\UDC\TFG\ProyectoSystemC2022\Codigo SystemC\coreRiscV.cpp(9,19): warning C4101: 'tmp': variable local sin referencia
C:\Users\pelay\UDC\TFG\ProyectoSystemC2022\Codigo SystemC\coreRiscV.cpp(8,17): warning C4101: 'S': variable local sin referencia
C:\Users\pelay\UDC\TFG\ProyectoSystemC2022\Codigo SystemC\coreRiscV.cpp(7,15): warning C4101: 'I': variable local sin referencia
  dataMem.cpp
  Unknown compiler version - please run the configure tests and report the results
C:\Users\pelay\UDC\TFG\ProyectoSystemC2022\Codigo SystemC\coreRiscV.h(14,1): warning C4099: 'coreRiscV': nombre de tipo visto anteriormente usando 'class' ahora se ve usando 'struct'
  (compilando archivo de origen "Codigo%20SystemC/dataMem.cpp")
      C:\Users\pelay\UDC\TFG\ProyectoSystemC2022\Codigo SystemC\coreRiscV.h(14,1):
      vea la declaración de 'coreRiscV'
  
C:\Users\pelay\UDC\TFG\ProyectoSystemC2022\Codigo SystemC\dataMem.cpp(31,23): warning C4244: 'argumento': conversión de 'sc_dt::uint_type' a 'const size_t'; posible pérdida de datos
C:\Users\pelay\UDC\TFG\ProyectoSystemC2022\Codigo SystemC\dataMem.cpp(44,27): warning C4244: 'argumento': conversión de 'sc_dt::uint_type' a 'const unsigned int'; posible pérdida de datos
C:\Users\pelay\UDC\TFG\ProyectoSystemC2022\Codigo SystemC\dataMem.cpp(48,27): warning C4244: 'argumento': conversión de 'sc_dt::uint_type' a 'int'; posible pérdida de datos
C:\Users\pelay\UDC\TFG\ProyectoSystemC2022\Codigo SystemC\dataMem.cpp(63,34): warning C4244: 'argumento': conversión de 'sc_dt::uint_type' a 'int'; posible pérdida de datos
C:\Users\pelay\UDC\TFG\ProyectoSystemC2022\Codigo SystemC\dataMem.cpp(89,21): warning C4244: 'inicializando': conversión de 'sc_dt::uint_type' a 'unsigned int'; posible pérdida de datos
C:\Users\pelay\UDC\TFG\ProyectoSystemC2022\Codigo SystemC\dataMem.cpp(107,27): warning C4244: 'argumento': conversión de 'sc_dt::uint_type' a 'const unsigned int'; posible pérdida de datos
C:\Users\pelay\UDC\TFG\ProyectoSystemC2022\Codigo SystemC\dataMem.cpp(259,243): warning C4244: 'argumento': conversión de 'sc_dt::int_type' a 'int'; posible pérdida de datos
  decod.cpp
  Unknown compiler version - please run the configure tests and report the results
C:\Users\pelay\UDC\TFG\ProyectoSystemC2022\Codigo SystemC\decod.cpp(18,15): warning C4244: 'inicializando': conversión de 'sc_dt::uint_type' a 'int'; posible pérdida de datos
C:\Users\pelay\UDC\TFG\ProyectoSystemC2022\Codigo SystemC\decod.cpp(61,17): warning C4244: 'argumento': conversión de 'sc_dt::uint_type' a 'int'; posible pérdida de datos
C:\Users\pelay\UDC\TFG\ProyectoSystemC2022\Codigo SystemC\decod.cpp(62,17): warning C4244: 'argumento': conversión de 'sc_dt::uint_type' a 'int'; posible pérdida de datos
C:\Users\pelay\UDC\TFG\ProyectoSystemC2022\Codigo SystemC\decod.cpp(297,25): warning C4244: 'argumento': conversión de 'sc_dt::uint_type' a 'int'; posible pérdida de datos
C:\Users\pelay\UDC\TFG\ProyectoSystemC2022\Codigo SystemC\decod.cpp(305,25): warning C4244: 'argumento': conversión de 'sc_dt::uint_type' a 'int'; posible pérdida de datos
C:\Users\pelay\UDC\TFG\ProyectoSystemC2022\Codigo SystemC\decod.cpp(307,52): warning C4554: "|": compruebe la prioridad de operador para posibles errores; utilice paréntesis para indicar la prioridad
C:\Users\pelay\UDC\TFG\ProyectoSystemC2022\Codigo SystemC\decod.cpp(308,50): warning C4554: "|": compruebe la prioridad de operador para posibles errores; utilice paréntesis para indicar la prioridad
C:\Users\pelay\UDC\TFG\ProyectoSystemC2022\Codigo SystemC\decod.cpp(309,50): warning C4554: "|": compruebe la prioridad de operador para posibles errores; utilice paréntesis para indicar la prioridad
  fetch.cpp
  Unknown compiler version - please run the configure tests and report the results
C:\Users\pelay\UDC\TFG\ProyectoSystemC2022\Codigo SystemC\coreRiscV.h(14,1): warning C4099: 'coreRiscV': nombre de tipo visto anteriormente usando 'class' ahora se ve usando 'struct'
  (compilando archivo de origen "Codigo%20SystemC/fetch.cpp")
      C:\Users\pelay\UDC\TFG\ProyectoSystemC2022\Codigo SystemC\coreRiscV.h(14,1):
      vea la declaración de 'coreRiscV'
  
C:\Users\pelay\UDC\TFG\ProyectoSystemC2022\Codigo SystemC\fetch.cpp(82,21): warning C4244: 'inicializando': conversión de 'sc_dt::uint_type' a 'unsigned int'; posible pérdida de datos
C:\Users\pelay\UDC\TFG\ProyectoSystemC2022\Codigo SystemC\fetch.cpp(99,27): warning C4244: 'argumento': conversión de 'sc_dt::uint_type' a 'const unsigned int'; posible pérdida de datos
C:\Users\pelay\UDC\TFG\ProyectoSystemC2022\Codigo SystemC\fetch.cpp(122,27): warning C4244: 'argumento': conversión de 'sc_dt::uint_type' a 'const unsigned int'; posible pérdida de datos
C:\Users\pelay\UDC\TFG\ProyectoSystemC2022\Codigo SystemC\fetch.cpp(126,30): warning C4244: 'argumento': conversión de 'sc_dt::uint_type' a 'const unsigned int'; posible pérdida de datos
  mainRiscV_1.cpp
  Unknown compiler version - please run the configure tests and report the results
C:\Users\pelay\UDC\TFG\ProyectoSystemC2022\Codigo SystemC\coreRiscV.h(14,1): warning C4099: 'coreRiscV': nombre de tipo visto anteriormente usando 'class' ahora se ve usando 'struct'
  (compilando archivo de origen "Codigo%20SystemC/mainRiscV_1.cpp")
      C:\Users\pelay\UDC\TFG\ProyectoSystemC2022\Codigo SystemC\coreRiscV.h(14,1):
      vea la declaración de 'coreRiscV'
  
C:\Users\pelay\UDC\TFG\ProyectoSystemC2022\Codigo SystemC\mainRiscV_1.cpp(86,9): warning C4477: 'printf' : la cadena de formato '%ld' requiere un argumento de tipo 'long', pero el argumento variádico 1 tiene el tipo 'time_t'
      C:\Users\pelay\UDC\TFG\ProyectoSystemC2022\Codigo SystemC\mainRiscV_1.cpp(86,9):
      considere el uso de ' %lld' en la cadena de formato
      C:\Users\pelay\UDC\TFG\ProyectoSystemC2022\Codigo SystemC\mainRiscV_1.cpp(86,9):
      considere el uso de ' %I64d' en la cadena de formato
  
  mem.cpp
  Unknown compiler version - please run the configure tests and report the results
C:\Users\pelay\UDC\TFG\ProyectoSystemC2022\Codigo SystemC\mem.cpp(41,13): warning C4018: '>=': no coinciden signed/unsigned
C:\Users\pelay\UDC\TFG\ProyectoSystemC2022\Codigo SystemC\mem.cpp(41,35): warning C4018: '<=': no coinciden signed/unsigned
C:\Users\pelay\UDC\TFG\ProyectoSystemC2022\Codigo SystemC\mem.cpp(60,13): warning C4018: '>=': no coinciden signed/unsigned
C:\Users\pelay\UDC\TFG\ProyectoSystemC2022\Codigo SystemC\mem.cpp(60,35): warning C4018: '<=': no coinciden signed/unsigned
C:\Users\pelay\UDC\TFG\ProyectoSystemC2022\Codigo SystemC\mem.cpp(80,13): warning C4018: '>=': no coinciden signed/unsigned
C:\Users\pelay\UDC\TFG\ProyectoSystemC2022\Codigo SystemC\mem.cpp(80,35): warning C4018: '<=': no coinciden signed/unsigned
C:\Users\pelay\UDC\TFG\ProyectoSystemC2022\Codigo SystemC\mem.cpp(97,18): warning C4018: '>=': no coinciden signed/unsigned
C:\Users\pelay\UDC\TFG\ProyectoSystemC2022\Codigo SystemC\mem.cpp(97,38): warning C4018: '<=': no coinciden signed/unsigned
  Generando código...
  ProyectoSystemC2022.vcxproj -> C:\Users\pelay\UDC\TFG\ProyectoSystemC2022\Debug\ProyectoSystemC2022.exe
